src/App.tsx(7,21): error TS2300: Duplicate identifier 'PanelId'.
src/App.tsx(56,10): error TS2300: Duplicate identifier 'PanelId'.
src/App.tsx(578,9): error TS2322: Type '(id: "left" | "right") => void' is not assignable to type '(id: string) => void'.
  Types of parameters 'id' and 'id' are incompatible.
    Type 'string' is not assignable to type '"left" | "right"'.
src/components/layout/DualPanelLayout.tsx(357,18): error TS2741: Property 'setActivePanelId' is missing in type '{ activePanel: FullPanelState; activePanelId: "left" | "right"; canUndo: boolean; undoLabel: string | undefined; canRedo: boolean; redoLabel: string | undefined; ... 34 more ...; isSearchActive: boolean; }' but required in type 'TopBarProps'.
src/components/layout/DualPanelLayout.tsx(512,21): error TS2322: Type '{ sourcePanel: string; files: FileEntry[]; } | null' is not assignable to type '{ sourcePanel: "left" | "right"; files: FileEntry[]; } | null | undefined'.
  Type '{ sourcePanel: string; files: FileEntry[]; }' is not assignable to type '{ sourcePanel: "left" | "right"; files: FileEntry[]; }'.
    Types of property 'sourcePanel' are incompatible.
      Type 'string' is not assignable to type '"left" | "right"'.
src/components/layout/Sidebar.tsx(245,58): error TS2304: Cannot find name 'activePanelId'.
src/components/layout/Sidebar.tsx(258,63): error TS2304: Cannot find name 'activePanelId'.
src/components/layout/Sidebar.tsx(281,44): error TS2554: Expected 2 arguments, but got 1.
src/components/layout/Sidebar.tsx(297,40): error TS2554: Expected 2 arguments, but got 1.
src/components/layout/Sidebar.tsx(318,54): error TS2304: Cannot find name 'activePanelId'.
src/components/layout/TopBar.tsx(7,1): error TS6133: 'useRustSession' is declared but its value is never read.
src/components/layout/TopBar.tsx(8,1): error TS6133: 'useTabs' is declared but its value is never read.
src/components/ui/Tabs.tsx(26,18): error TS6133: 'internalDropIndex' is declared but its value is never read.
src/components/ui/Tabs.tsx(310,14): error TS2304: Cannot find name 'targetPanelId'.
src/context/TabsContext.tsx(5,1): error TS6133: 'useApp' is declared but its value is never read.
src/hooks/usePanel.ts(9,10): error TS6133: 'PanelState' is declared but its value is never read.
src/hooks/usePanel.ts(9,22): error TS6133: 'DriveInfo' is declared but its value is never read.
src/hooks/usePanel.ts(9,33): error TS6133: 'FileEntry' is declared but its value is never read.
src/hooks/usePanel.ts(9,44): error TS6133: 'SortField' is declared but its value is never read.
